2026-08-27T19:39:44.402Z hello world

hello world
